2025-10-20 11:19:34.463 +05:45  INF  User profile is available. Using 'C:\Users\ASUS\AppData\Local\ASP.NET\DataProtection-Keys' as key repository and Windows DPAPI to encrypt keys at rest.
2025-10-20 11:19:34.797 +05:45  INF  Now listening on: https://localhost:7189
2025-10-20 11:19:34.798 +05:45  INF  Now listening on: http://localhost:5227
2025-10-20 11:19:34.877 +05:45  INF  Application started. Press Ctrl+C to shut down.
2025-10-20 11:19:34.878 +05:45  INF  Hosting environment: Development
2025-10-20 11:19:34.878 +05:45  INF  Content root path: C:\Users\ASUS\Desktop\HRMS\HRMSmvc
2025-10-20 11:19:36.697 +05:45  INF  Request starting HTTP/2 GET https://localhost:7189/ - null null
2025-10-20 11:19:37.003 +05:45  INF  Executing endpoint 'HRMSmvc.Controllers.AuthController.Login (HRMSmvc)'
2025-10-20 11:19:37.058 +05:45  INF  Route matched with {action = "Login", controller = "Auth", area = ""}. Executing controller action with signature Microsoft.AspNetCore.Mvc.IActionResult Login() on controller HRMSmvc.Controllers.AuthController (HRMSmvc).
2025-10-20 11:19:37.079 +05:45  INF  Executing ViewResult, running view login.
2025-10-20 11:19:37.268 +05:45  INF  Executed ViewResult - view login executed in 193.6523ms.
2025-10-20 11:19:37.276 +05:45  INF  Executed action HRMSmvc.Controllers.AuthController.Login (HRMSmvc) in 216.5225ms
2025-10-20 11:19:37.276 +05:45  INF  Executed endpoint 'HRMSmvc.Controllers.AuthController.Login (HRMSmvc)'
2025-10-20 11:19:37.294 +05:45  INF  Request finished HTTP/2 GET https://localhost:7189/ - 200 null text/html; charset=utf-8 599.5853ms
2025-10-20 11:19:38.384 +05:45  INF  Request starting HTTP/2 GET https://localhost:7189/vendor/style.css - null null
2025-10-20 11:19:38.407 +05:45  INF  Request starting HTTP/2 GET https://localhost:7189/_framework/aspnetcore-browser-refresh.js - null null
2025-10-20 11:19:38.660 +05:45  INF  Request finished HTTP/2 GET https://localhost:7189/_framework/aspnetcore-browser-refresh.js - 200 16499 application/javascript; charset=utf-8 253.5047ms
2025-10-20 11:19:38.661 +05:45  INF  The file /vendor/style.css was not modified
2025-10-20 11:19:38.663 +05:45  INF  Request finished HTTP/2 GET https://localhost:7189/vendor/style.css - 304 null text/css 279.0232ms
2025-10-20 11:19:38.682 +05:45  INF  Request starting HTTP/2 GET https://localhost:7189/_vs/browserLink - null null
2025-10-20 11:19:38.741 +05:45  INF  Request finished HTTP/2 GET https://localhost:7189/_vs/browserLink - 200 null text/javascript; charset=UTF-8 58.3395ms
2025-10-20 11:20:13.732 +05:45  INF  Request starting HTTP/2 POST https://localhost:7189/ - application/x-www-form-urlencoded; charset=UTF-8 226
2025-10-20 11:20:13.734 +05:45  INF  Executing endpoint 'HRMSmvc.Controllers.AuthController.LoginAsync (HRMSmvc)'
2025-10-20 11:20:13.745 +05:45  INF  Route matched with {action = "Login", controller = "Auth", area = ""}. Executing controller action with signature System.Threading.Tasks.Task`1[Microsoft.AspNetCore.Mvc.IActionResult] LoginAsync(Domain.DTO.LoginDTO) on controller HRMSmvc.Controllers.AuthController (HRMSmvc).
2025-10-20 11:37:42.983 +05:45  INF  User profile is available. Using 'C:\Users\ASUS\AppData\Local\ASP.NET\DataProtection-Keys' as key repository and Windows DPAPI to encrypt keys at rest.
2025-10-20 11:37:43.560 +05:45  INF  Now listening on: https://localhost:7189
2025-10-20 11:37:43.564 +05:45  INF  Now listening on: http://localhost:5227
2025-10-20 11:37:43.735 +05:45  INF  Application started. Press Ctrl+C to shut down.
2025-10-20 11:37:43.736 +05:45  INF  Hosting environment: Development
2025-10-20 11:37:43.736 +05:45  INF  Content root path: C:\Users\ASUS\Desktop\HRMS\HRMSmvc
2025-10-20 11:37:45.099 +05:45  INF  Request starting HTTP/2 GET https://localhost:7189/ - null null
2025-10-20 11:37:45.615 +05:45  INF  Executing endpoint 'HRMSmvc.Controllers.AuthController.Login (HRMSmvc)'
2025-10-20 11:37:45.681 +05:45  INF  Route matched with {action = "Login", controller = "Auth", area = ""}. Executing controller action with signature Microsoft.AspNetCore.Mvc.IActionResult Login() on controller HRMSmvc.Controllers.AuthController (HRMSmvc).
2025-10-20 11:37:45.706 +05:45  INF  Executing ViewResult, running view login.
2025-10-20 11:37:45.940 +05:45  INF  Executed ViewResult - view login executed in 225.4168ms.
2025-10-20 11:37:45.949 +05:45  INF  Executed action HRMSmvc.Controllers.AuthController.Login (HRMSmvc) in 266.7375ms
2025-10-20 11:37:45.950 +05:45  INF  Executed endpoint 'HRMSmvc.Controllers.AuthController.Login (HRMSmvc)'
2025-10-20 11:37:45.959 +05:45  INF  Request finished HTTP/2 GET https://localhost:7189/ - 200 null text/html; charset=utf-8 863.6807ms
2025-10-20 11:37:45.983 +05:45  INF  Request starting HTTP/2 GET https://localhost:7189/_framework/aspnetcore-browser-refresh.js - null null
2025-10-20 11:37:46.001 +05:45  INF  Request finished HTTP/2 GET https://localhost:7189/_framework/aspnetcore-browser-refresh.js - 200 16499 application/javascript; charset=utf-8 18.5359ms
2025-10-20 11:37:46.438 +05:45  INF  Request starting HTTP/2 GET https://localhost:7189/_vs/browserLink - null null
2025-10-20 11:37:46.540 +05:45  INF  Request finished HTTP/2 GET https://localhost:7189/_vs/browserLink - 200 null text/javascript; charset=UTF-8 102.3097ms
2025-10-20 11:57:48.093 +05:45  INF  User profile is available. Using 'C:\Users\ASUS\AppData\Local\ASP.NET\DataProtection-Keys' as key repository and Windows DPAPI to encrypt keys at rest.
2025-10-20 11:57:48.481 +05:45  INF  Now listening on: https://localhost:7189
2025-10-20 11:57:48.689 +05:45  INF  Now listening on: http://localhost:5227
2025-10-20 11:57:49.010 +05:45  INF  Application started. Press Ctrl+C to shut down.
2025-10-20 11:57:49.011 +05:45  INF  Hosting environment: Development
2025-10-20 11:57:49.011 +05:45  INF  Content root path: C:\Users\ASUS\Desktop\HRMS\HRMSmvc
2025-10-20 11:57:50.438 +05:45  INF  Request starting HTTP/2 GET https://localhost:7189/ - null null
2025-10-20 11:57:50.620 +05:45  INF  Executing endpoint 'HRMSmvc.Controllers.AuthController.Login (HRMSmvc)'
2025-10-20 11:57:50.688 +05:45  INF  Route matched with {action = "Login", controller = "Auth", area = ""}. Executing controller action with signature Microsoft.AspNetCore.Mvc.IActionResult Login() on controller HRMSmvc.Controllers.AuthController (HRMSmvc).
2025-10-20 11:57:50.714 +05:45  INF  Executing ViewResult, running view login.
2025-10-20 11:57:50.880 +05:45  INF  Executed ViewResult - view login executed in 157.6412ms.
2025-10-20 11:57:50.892 +05:45  INF  Executed action HRMSmvc.Controllers.AuthController.Login (HRMSmvc) in 203.7883ms
2025-10-20 11:57:50.893 +05:45  INF  Executed endpoint 'HRMSmvc.Controllers.AuthController.Login (HRMSmvc)'
2025-10-20 11:57:50.899 +05:45  INF  Request starting HTTP/2 GET https://localhost:7189/_framework/aspnetcore-browser-refresh.js - null null
2025-10-20 11:57:50.926 +05:45  INF  Request finished HTTP/2 GET https://localhost:7189/_framework/aspnetcore-browser-refresh.js - 200 16499 application/javascript; charset=utf-8 26.4273ms
2025-10-20 11:57:50.926 +05:45  INF  Request finished HTTP/2 GET https://localhost:7189/ - 200 null text/html; charset=utf-8 490.9869ms
2025-10-20 11:57:51.310 +05:45  INF  Request starting HTTP/2 GET https://localhost:7189/_vs/browserLink - null null
2025-10-20 11:57:51.345 +05:45  INF  Request finished HTTP/2 GET https://localhost:7189/_vs/browserLink - 200 null text/javascript; charset=UTF-8 35.1537ms
2025-10-20 11:58:02.404 +05:45  INF  Request starting HTTP/2 POST https://localhost:7189/ - application/x-www-form-urlencoded; charset=UTF-8 226
2025-10-20 11:58:02.407 +05:45  INF  Executing endpoint 'HRMSmvc.Controllers.AuthController.LoginAsync (HRMSmvc)'
2025-10-20 11:58:02.427 +05:45  INF  Route matched with {action = "Login", controller = "Auth", area = ""}. Executing controller action with signature System.Threading.Tasks.Task`1[Microsoft.AspNetCore.Mvc.IActionResult] LoginAsync(Domain.DTO.LoginDTO) on controller HRMSmvc.Controllers.AuthController (HRMSmvc).
2025-10-20 11:58:24.053 +05:45  INF  Executing JsonResult, writing value of type 'Domain.Models.ApiResponse`1[[Domain.DTO.LoginResponseDto, Domain, Version=1.0.0.0, Culture=neutral, PublicKeyToken=null]]'.
2025-10-20 11:58:24.056 +05:45  INF  Executed action HRMSmvc.Controllers.AuthController.LoginAsync (HRMSmvc) in 21628.9552ms
2025-10-20 11:58:24.056 +05:45  INF  Executed endpoint 'HRMSmvc.Controllers.AuthController.LoginAsync (HRMSmvc)'
2025-10-20 11:58:24.056 +05:45  INF  Request finished HTTP/2 POST https://localhost:7189/ - 200 null application/json; charset=utf-8 21651.6091ms
2025-10-20 11:58:33.978 +05:45  INF  Request starting HTTP/2 POST https://localhost:7189/ - application/x-www-form-urlencoded; charset=UTF-8 224
2025-10-20 11:58:33.982 +05:45  INF  Executing endpoint 'HRMSmvc.Controllers.AuthController.LoginAsync (HRMSmvc)'
2025-10-20 11:58:33.982 +05:45  INF  Route matched with {action = "Login", controller = "Auth", area = ""}. Executing controller action with signature System.Threading.Tasks.Task`1[Microsoft.AspNetCore.Mvc.IActionResult] LoginAsync(Domain.DTO.LoginDTO) on controller HRMSmvc.Controllers.AuthController (HRMSmvc).
2025-10-20 11:59:02.819 +05:45  INF  AuthenticationScheme: Cookies signed in.
2025-10-20 11:59:04.555 +05:45  INF  Executing JsonResult, writing value of type 'Domain.Models.ApiResponse`1[[Domain.DTO.LoginResponseDto, Domain, Version=1.0.0.0, Culture=neutral, PublicKeyToken=null]]'.
2025-10-20 11:59:04.557 +05:45  INF  Executed action HRMSmvc.Controllers.AuthController.LoginAsync (HRMSmvc) in 30574.8387ms
2025-10-20 11:59:04.557 +05:45  INF  Executed endpoint 'HRMSmvc.Controllers.AuthController.LoginAsync (HRMSmvc)'
2025-10-20 11:59:04.558 +05:45  INF  Request finished HTTP/2 POST https://localhost:7189/ - 200 null application/json; charset=utf-8 30579.4676ms
2025-10-20 11:59:06.636 +05:45  INF  Request starting HTTP/2 GET https://localhost:7189/Admin/Dashboard/Index - null null
2025-10-20 11:59:06.682 +05:45  INF  Executing endpoint 'HRMSmvc.Areas.Admin.Controllers.DashboardController.Index (HRMSmvc)'
2025-10-20 11:59:06.689 +05:45  INF  Route matched with {area = "Admin", action = "Index", controller = "Dashboard"}. Executing controller action with signature System.Threading.Tasks.Task`1[Microsoft.AspNetCore.Mvc.IActionResult] Index() on controller HRMSmvc.Areas.Admin.Controllers.DashboardController (HRMSmvc).
2025-10-20 11:59:07.007 +05:45  INF  Executing ViewResult, running view Index.
2025-10-20 11:59:07.044 +05:45  INF  Executed ViewResult - view Index executed in 38.3644ms.
2025-10-20 11:59:07.045 +05:45  INF  Executed action HRMSmvc.Areas.Admin.Controllers.DashboardController.Index (HRMSmvc) in 355.6849ms
2025-10-20 11:59:07.045 +05:45  INF  Executed endpoint 'HRMSmvc.Areas.Admin.Controllers.DashboardController.Index (HRMSmvc)'
2025-10-20 11:59:07.045 +05:45  INF  Request finished HTTP/2 GET https://localhost:7189/Admin/Dashboard/Index - 200 null text/html; charset=utf-8 408.8065ms
2025-10-20 11:59:07.101 +05:45  INF  Request starting HTTP/2 GET https://localhost:7189/_framework/aspnetcore-browser-refresh.js - null null
2025-10-20 11:59:07.101 +05:45  INF  Request starting HTTP/2 GET https://localhost:7189/js/admin.js - null null
2025-10-20 11:59:07.102 +05:45  INF  Request finished HTTP/2 GET https://localhost:7189/_framework/aspnetcore-browser-refresh.js - 200 16499 application/javascript; charset=utf-8 0.9997ms
2025-10-20 11:59:07.180 +05:45  INF  Request starting HTTP/2 GET https://localhost:7189/_vs/browserLink - null null
2025-10-20 11:59:07.220 +05:45  INF  Request finished HTTP/2 GET https://localhost:7189/_vs/browserLink - 200 null text/javascript; charset=UTF-8 40.21ms
2025-10-20 11:59:07.314 +05:45  INF  Sending file. Request path: '/js/admin.js'. Physical path: 'C:\Users\ASUS\Desktop\HRMS\HRMSmvc\wwwroot\js\admin.js'
2025-10-20 11:59:07.314 +05:45  INF  Request finished HTTP/2 GET https://localhost:7189/js/admin.js - 200 16217 text/javascript 212.8214ms
2025-10-20 11:59:18.527 +05:45  INF  Request starting HTTP/2 GET https://localhost:7189/Admin/Department/Index - null null
2025-10-20 11:59:18.538 +05:45  INF  Executing endpoint 'HRMSmvc.Areas.Admin.Controllers.DepartmentController.Index (HRMSmvc)'
2025-10-20 11:59:18.543 +05:45  INF  Route matched with {area = "Admin", action = "Index", controller = "Department"}. Executing controller action with signature System.Threading.Tasks.Task`1[Microsoft.AspNetCore.Mvc.IActionResult] Index() on controller HRMSmvc.Areas.Admin.Controllers.DepartmentController (HRMSmvc).
2025-10-20 11:59:18.632 +05:45  INF  Executing ViewResult, running view Index.
2025-10-20 11:59:18.644 +05:45  INF  Executed ViewResult - view Index executed in 12.4437ms.
2025-10-20 11:59:18.652 +05:45  INF  Executed action HRMSmvc.Areas.Admin.Controllers.DepartmentController.Index (HRMSmvc) in 109.5742ms
2025-10-20 11:59:18.652 +05:45  INF  Executed endpoint 'HRMSmvc.Areas.Admin.Controllers.DepartmentController.Index (HRMSmvc)'
2025-10-20 11:59:18.653 +05:45  INF  Request finished HTTP/2 GET https://localhost:7189/Admin/Department/Index - 200 null text/html; charset=utf-8 125.1886ms
2025-10-20 11:59:18.691 +05:45  INF  Request starting HTTP/2 GET https://localhost:7189/_framework/aspnetcore-browser-refresh.js - null null
2025-10-20 11:59:18.693 +05:45  INF  Request finished HTTP/2 GET https://localhost:7189/_framework/aspnetcore-browser-refresh.js - 200 16499 application/javascript; charset=utf-8 1.1827ms
2025-10-20 11:59:18.777 +05:45  INF  Request starting HTTP/2 GET https://localhost:7189/_vs/browserLink - null null
2025-10-20 11:59:18.805 +05:45  INF  Request finished HTTP/2 GET https://localhost:7189/_vs/browserLink - 200 null text/javascript; charset=UTF-8 27.4055ms
2025-10-20 11:59:22.074 +05:45  INF  Request starting HTTP/2 GET https://localhost:7189/Admin/Dashboard/CreateorEdit - null null
2025-10-20 11:59:22.078 +05:45  INF  Executing endpoint 'HRMSmvc.Areas.Admin.Controllers.DashboardController.CreateorEdit (HRMSmvc)'
2025-10-20 11:59:22.084 +05:45  INF  Route matched with {area = "Admin", action = "CreateorEdit", controller = "Dashboard"}. Executing controller action with signature System.Threading.Tasks.Task`1[Microsoft.AspNetCore.Mvc.IActionResult] CreateorEdit(System.String) on controller HRMSmvc.Areas.Admin.Controllers.DashboardController (HRMSmvc).
2025-10-20 11:59:22.089 +05:45  INF  Executing ViewResult, running view CreateorEdit.
2025-10-20 11:59:22.136 +05:45  INF  Executed ViewResult - view CreateorEdit executed in 47.8535ms.
2025-10-20 11:59:22.136 +05:45  INF  Executed action HRMSmvc.Areas.Admin.Controllers.DashboardController.CreateorEdit (HRMSmvc) in 52.4247ms
2025-10-20 11:59:22.136 +05:45  INF  Executed endpoint 'HRMSmvc.Areas.Admin.Controllers.DashboardController.CreateorEdit (HRMSmvc)'
2025-10-20 11:59:22.137 +05:45  INF  Request finished HTTP/2 GET https://localhost:7189/Admin/Dashboard/CreateorEdit - 200 null text/html; charset=utf-8 62.9811ms
2025-10-20 11:59:22.164 +05:45  INF  Request starting HTTP/2 GET https://localhost:7189/js/userindex.js - null null
2025-10-20 11:59:22.164 +05:45  INF  Request starting HTTP/2 GET https://localhost:7189/_framework/aspnetcore-browser-refresh.js - null null
2025-10-20 11:59:22.164 +05:45  INF  Request finished HTTP/2 GET https://localhost:7189/_framework/aspnetcore-browser-refresh.js - 200 16499 application/javascript; charset=utf-8 0.7135ms
2025-10-20 11:59:22.232 +05:45  INF  Sending file. Request path: '/js/userindex.js'. Physical path: 'C:\Users\ASUS\Desktop\HRMS\HRMSmvc\wwwroot\js\userindex.js'
2025-10-20 11:59:22.232 +05:45  INF  Request finished HTTP/2 GET https://localhost:7189/js/userindex.js - 200 11693 text/javascript 68.9536ms
2025-10-20 11:59:22.235 +05:45  INF  Request starting HTTP/2 GET https://localhost:7189/_vs/browserLink - null null
2025-10-20 11:59:22.250 +05:45  INF  Request finished HTTP/2 GET https://localhost:7189/_vs/browserLink - 200 null text/javascript; charset=UTF-8 14.6398ms
